/home/ubuntu/envs/d2/lib/python3.10/site-packages/timm/models/layers/__init__.py:48: FutureWarning: Importing from timm.models.layers is deprecated, please import via timm.layers
  warnings.warn(f"Importing from {__name__} is deprecated, please import via timm.layers", FutureWarning)
The tokenizer class you load from this checkpoint is not the same type as the class this function is called from. It may result in unexpected tokenization. 
The tokenizer class you load from this checkpoint is 'BertTokenizer'. 
The class this function is called from is 'BrosTokenizer'.
2025-07-08 13:41:28,924 [INFO] GPU 0: NVIDIA A10G
2025-07-08 13:41:28,924 [INFO]   Total Memory: 22515.75 MB
2025-07-08 13:41:28,924 [INFO]   Allocated Memory: 0.0 MB
2025-07-08 13:41:28,924 [INFO]   Cached Memory: 0.0 MB
[93mimport tensorrt_llm failed, if do not use tensorrt, ignore this message[0m
[93mimport lmdeploy failed, if do not use lmdeploy, ignore this message[0m
[07/08 13:41:29 detectron2]: Rank of current process: 0. World size: 1
[07/08 13:41:30 detectron2]: Environment info:
-------------------------------  ---------------------------------------------------------------------------
sys.platform                     linux
Python                           3.10.12 (main, May 27 2025, 17:12:29) [GCC 11.4.0]
numpy                            1.26.4
detectron2                       0.6 @/home/ubuntu/envs/d2/lib/python3.10/site-packages/detectron2
Compiler                         GCC 11.4
CUDA compiler                    CUDA 12.1
detectron2 arch flags            8.6
DETECTRON2_ENV_MODULE            <not set>
PyTorch                          2.4.1+cu121 @/home/ubuntu/envs/d2/lib/python3.10/site-packages/torch
PyTorch debug build              False
torch._C._GLIBCXX_USE_CXX11_ABI  False
GPU available                    Yes
GPU 0                            NVIDIA A10G (arch=8.6)
Driver version                   535.230.02
CUDA_HOME                        /usr
Pillow                           11.0.0
torchvision                      0.19.1+cu121 @/home/ubuntu/envs/d2/lib/python3.10/site-packages/torchvision
torchvision arch flags           5.0, 6.0, 7.0, 7.5, 8.0, 8.6, 9.0
fvcore                           0.1.5.post20221221
iopath                           0.1.9
cv2                              4.11.0
-------------------------------  ---------------------------------------------------------------------------
PyTorch built with:
  - GCC 9.3
  - C++ Version: 201703
  - Intel(R) oneAPI Math Kernel Library Version 2022.2-Product Build 20220804 for Intel(R) 64 architecture applications
  - Intel(R) MKL-DNN v3.4.2 (Git Hash 1137e04ec0b5251ca2b4400a4fd3c667ce843d67)
  - OpenMP 201511 (a.k.a. OpenMP 4.5)
  - LAPACK is enabled (usually provided by MKL)
  - NNPACK is enabled
  - CPU capability usage: AVX2
  - CUDA Runtime 12.1
  - NVCC architecture flags: -gencode;arch=compute_50,code=sm_50;-gencode;arch=compute_60,code=sm_60;-gencode;arch=compute_70,code=sm_70;-gencode;arch=compute_75,code=sm_75;-gencode;arch=compute_80,code=sm_80;-gencode;arch=compute_86,code=sm_86;-gencode;arch=compute_90,code=sm_90
  - CuDNN 90.1  (built against CUDA 12.4)
  - Magma 2.6.1
  - Build settings: BLAS_INFO=mkl, BUILD_TYPE=Release, CUDA_VERSION=12.1, CUDNN_VERSION=9.1.0, CXX_COMPILER=/opt/rh/devtoolset-9/root/usr/bin/c++, CXX_FLAGS= -D_GLIBCXX_USE_CXX11_ABI=0 -fabi-version=11 -fvisibility-inlines-hidden -DUSE_PTHREADPOOL -DNDEBUG -DUSE_KINETO -DLIBKINETO_NOROCTRACER -DUSE_FBGEMM -DUSE_PYTORCH_QNNPACK -DUSE_XNNPACK -DSYMBOLICATE_MOBILE_DEBUG_HANDLE -O2 -fPIC -Wall -Wextra -Werror=return-type -Werror=non-virtual-dtor -Werror=bool-operation -Wnarrowing -Wno-missing-field-initializers -Wno-type-limits -Wno-array-bounds -Wno-unknown-pragmas -Wno-unused-parameter -Wno-unused-function -Wno-unused-result -Wno-strict-overflow -Wno-strict-aliasing -Wno-stringop-overflow -Wsuggest-override -Wno-psabi -Wno-error=pedantic -Wno-error=old-style-cast -Wno-missing-braces -fdiagnostics-color=always -faligned-new -Wno-unused-but-set-variable -Wno-maybe-uninitialized -fno-math-errno -fno-trapping-math -Werror=format -Wno-stringop-overflow, LAPACK_INFO=mkl, PERF_WITH_AVX=1, PERF_WITH_AVX2=1, PERF_WITH_AVX512=1, TORCH_VERSION=2.4.1, USE_CUDA=ON, USE_CUDNN=ON, USE_CUSPARSELT=1, USE_EXCEPTION_PTR=1, USE_GFLAGS=OFF, USE_GLOG=OFF, USE_GLOO=ON, USE_MKL=ON, USE_MKLDNN=ON, USE_MPI=OFF, USE_NCCL=1, USE_NNPACK=ON, USE_OPENMP=ON, USE_ROCM=OFF, USE_ROCM_KERNEL_ASSERT=OFF, 

[07/08 13:41:30 detectron2]: Command line arguments: Namespace(config_file='/home/ubuntu/pdf-document-layout-analysis/src/model_configuration/doclaynet_VGT_cascade_PTM.yaml', resume=False, eval_only=True, num_gpus=1, num_machines=1, machine_rank=0, dist_url='tcp://127.0.0.1:49152', opts=['MODEL.WEIGHTS', '/home/ubuntu/pdf-document-layout-analysis/models/doclaynet_VGT_model.pth', 'OUTPUT_DIR', '/home/ubuntu/pdf-document-layout-analysis/model_output_doclaynet'], debug=False)
[07/08 13:41:30 detectron2]: Contents of args.config_file=/home/ubuntu/pdf-document-layout-analysis/src/model_configuration/doclaynet_VGT_cascade_PTM.yaml:
DATASETS:
  TEST: ("predict_data",)
  TRAIN: ("train_data",)
MODEL:
  BACKBONE:
    NAME: build_VGT_fpn_backbone
  MASK_ON: false
  META_ARCHITECTURE: VGT
  PIXEL_MEAN:
  - 127.5
  - 127.5
  - 127.5
  PIXEL_STD:
  - 127.5
  - 127.5
  - 127.5
  ROI_BOX_HEAD:
    CLS_AGNOSTIC_BBOX_REG: true
  ROI_HEADS:
    NAME: CascadeROIHeads
    NUM_CLASSES: 11
  RPN:
    POST_NMS_TOPK_TRAIN: 2000
  VIT:
    MERGE_TYPE: Sum
    NAME: VGT_dit_base_patch16
  WEIGHTS: https://layoutlm.blob.core.windows.net/dit/dit-pts/dit-base-224-p16-500k-62d53a.pth
  WORDGRID:
    EMBEDDING_DIM: 64
    MODEL_PATH: ../models/layoutlm-base-uncased/
    USE_PRETRAIN_WEIGHT: true
    VOCAB_SIZE: 30552
SOLVER:
  BASE_LR: 0.0002
  IMS_PER_BATCH: 12
  MAX_ITER: 10000
  STEPS: (6000, 8000)
  WARMUP_ITERS: 100
TEST:
  EVAL_PERIOD: 2000
_BASE_: ./Base-RCNN-FPN.yaml

[07/08 13:41:30 detectron2]: Running with full config:
AUG:
  DETR: true
CUDNN_BENCHMARK: false
DATALOADER:
  ASPECT_RATIO_GROUPING: true
  FILTER_EMPTY_ANNOTATIONS: false
  NUM_WORKERS: 6
  REPEAT_SQRT: true
  REPEAT_THRESHOLD: 0.0
  SAMPLER_TRAIN: TrainingSampler
DATASETS:
  PRECOMPUTED_PROPOSAL_TOPK_TEST: 1000
  PRECOMPUTED_PROPOSAL_TOPK_TRAIN: 2000
  PROPOSAL_FILES_TEST: []
  PROPOSAL_FILES_TRAIN: []
  TEST:
  - predict_data
  TRAIN:
  - train_data
FLOAT32_PRECISION: ''
GLOBAL:
  HACK: 1.0
INPUT:
  CROP:
    ENABLED: true
    SIZE:
    - 384
    - 600
    TYPE: absolute_range
  FORMAT: RGB
  MASK_FORMAT: polygon
  MAX_SIZE_TEST: 1333
  MAX_SIZE_TRAIN: 1333
  MIN_SIZE_TEST: 800
  MIN_SIZE_TRAIN:
  - 480
  - 512
  - 544
  - 576
  - 608
  - 640
  - 672
  - 704
  - 736
  - 768
  - 800
  MIN_SIZE_TRAIN_SAMPLING: choice
  RANDOM_FLIP: horizontal
MODEL:
  ANCHOR_GENERATOR:
    ANGLES:
    - - -90
      - 0
      - 90
    ASPECT_RATIOS:
    - - 0.5
      - 1.0
      - 2.0
    NAME: DefaultAnchorGenerator
    OFFSET: 0.0
    SIZES:
    - - 32
    - - 64
    - - 128
    - - 256
    - - 512
  BACKBONE:
    FREEZE_AT: 2
    NAME: build_VGT_fpn_backbone
  DEVICE: cuda
  FPN:
    FUSE_TYPE: sum
    IN_FEATURES:
    - layer3
    - layer5
    - layer7
    - layer11
    NORM: ''
    OUT_CHANNELS: 256
  KEYPOINT_ON: false
  LOAD_PROPOSALS: false
  MASK_ON: false
  META_ARCHITECTURE: VGT
  PANOPTIC_FPN:
    COMBINE:
      ENABLED: true
      INSTANCES_CONFIDENCE_THRESH: 0.5
      OVERLAP_THRESH: 0.5
      STUFF_AREA_LIMIT: 4096
    INSTANCE_LOSS_WEIGHT: 1.0
  PIXEL_MEAN:
  - 127.5
  - 127.5
  - 127.5
  PIXEL_STD:
  - 127.5
  - 127.5
  - 127.5
  PROPOSAL_GENERATOR:
    MIN_SIZE: 0
    NAME: RPN
  RESNETS:
    DEFORM_MODULATED: false
    DEFORM_NUM_GROUPS: 1
    DEFORM_ON_PER_STAGE:
    - false
    - false
    - false
    - false
    DEPTH: 50
    NORM: FrozenBN
    NUM_GROUPS: 1
    OUT_FEATURES:
    - res4
    RES2_OUT_CHANNELS: 256
    RES5_DILATION: 1
    STEM_OUT_CHANNELS: 64
    STRIDE_IN_1X1: true
    WIDTH_PER_GROUP: 64
  RETINANET:
    BBOX_REG_LOSS_TYPE: smooth_l1
    BBOX_REG_WEIGHTS: &id002
    - 1.0
    - 1.0
    - 1.0
    - 1.0
    FOCAL_LOSS_ALPHA: 0.25
    FOCAL_LOSS_GAMMA: 2.0
    IN_FEATURES:
    - p3
    - p4
    - p5
    - p6
    - p7
    IOU_LABELS:
    - 0
    - -1
    - 1
    IOU_THRESHOLDS:
    - 0.4
    - 0.5
    NMS_THRESH_TEST: 0.5
    NORM: ''
    NUM_CLASSES: 80
    NUM_CONVS: 4
    PRIOR_PROB: 0.01
    SCORE_THRESH_TEST: 0.05
    SMOOTH_L1_LOSS_BETA: 0.1
    TOPK_CANDIDATES_TEST: 1000
  ROI_BOX_CASCADE_HEAD:
    BBOX_REG_WEIGHTS:
    - &id001
      - 10.0
      - 10.0
      - 5.0
      - 5.0
    - - 20.0
      - 20.0
      - 10.0
      - 10.0
    - - 30.0
      - 30.0
      - 15.0
      - 15.0
    IOUS:
    - 0.5
    - 0.6
    - 0.7
  ROI_BOX_HEAD:
    BBOX_REG_LOSS_TYPE: smooth_l1
    BBOX_REG_LOSS_WEIGHT: 1.0
    BBOX_REG_WEIGHTS: *id001
    CLS_AGNOSTIC_BBOX_REG: true
    CONV_DIM: 256
    FC_DIM: 1024
    FED_LOSS_FREQ_WEIGHT_POWER: 0.5
    FED_LOSS_NUM_CLASSES: 50
    NAME: FastRCNNConvFCHead
    NORM: ''
    NUM_CONV: 0
    NUM_FC: 2
    POOLER_RESOLUTION: 7
    POOLER_SAMPLING_RATIO: 0
    POOLER_TYPE: ROIAlignV2
    SMOOTH_L1_BETA: 0.0
    TRAIN_ON_PRED_BOXES: false
    USE_FED_LOSS: false
    USE_SIGMOID_CE: false
  ROI_HEADS:
    BATCH_SIZE_PER_IMAGE: 512
    IN_FEATURES:
    - p2
    - p3
    - p4
    - p5
    IOU_LABELS:
    - 0
    - 1
    IOU_THRESHOLDS:
    - 0.5
    NAME: CascadeROIHeads
    NMS_THRESH_TEST: 0.5
    NUM_CLASSES: 11
    POSITIVE_FRACTION: 0.25
    PROPOSAL_APPEND_GT: true
    SCORE_THRESH_TEST: 0.05
  ROI_KEYPOINT_HEAD:
    CONV_DIMS:
    - 512
    - 512
    - 512
    - 512
    - 512
    - 512
    - 512
    - 512
    LOSS_WEIGHT: 1.0
    MIN_KEYPOINTS_PER_IMAGE: 1
    NAME: KRCNNConvDeconvUpsampleHead
    NORMALIZE_LOSS_BY_VISIBLE_KEYPOINTS: true
    NUM_KEYPOINTS: 17
    POOLER_RESOLUTION: 14
    POOLER_SAMPLING_RATIO: 0
    POOLER_TYPE: ROIAlignV2
  ROI_MASK_HEAD:
    CLS_AGNOSTIC_MASK: false
    CONV_DIM: 256
    NAME: MaskRCNNConvUpsampleHead
    NORM: ''
    NUM_CONV: 4
    POOLER_RESOLUTION: 14
    POOLER_SAMPLING_RATIO: 0
    POOLER_TYPE: ROIAlignV2
  RPN:
    BATCH_SIZE_PER_IMAGE: 256
    BBOX_REG_LOSS_TYPE: smooth_l1
    BBOX_REG_LOSS_WEIGHT: 1.0
    BBOX_REG_WEIGHTS: *id002
    BOUNDARY_THRESH: -1
    CONV_DIMS:
    - -1
    HEAD_NAME: StandardRPNHead
    IN_FEATURES:
    - p2
    - p3
    - p4
    - p5
    - p6
    IOU_LABELS:
    - 0
    - -1
    - 1
    IOU_THRESHOLDS:
    - 0.3
    - 0.7
    LOSS_WEIGHT: 1.0
    NMS_THRESH: 0.7
    POSITIVE_FRACTION: 0.5
    POST_NMS_TOPK_TEST: 1000
    POST_NMS_TOPK_TRAIN: 2000
    PRE_NMS_TOPK_TEST: 1000
    PRE_NMS_TOPK_TRAIN: 2000
    SMOOTH_L1_BETA: 0.0
  SEM_SEG_HEAD:
    COMMON_STRIDE: 4
    CONVS_DIM: 128
    IGNORE_VALUE: 255
    IN_FEATURES:
    - p2
    - p3
    - p4
    - p5
    LOSS_WEIGHT: 1.0
    NAME: SemSegFPNHead
    NORM: GN
    NUM_CLASSES: 54
  VIT:
    DROP_PATH: 0.1
    IMG_SIZE:
    - 224
    - 224
    MERGE_TYPE: Sum
    MODEL_KWARGS: '{}'
    NAME: VGT_dit_base_patch16
    OUT_FEATURES:
    - layer3
    - layer5
    - layer7
    - layer11
    POS_TYPE: abs
  WEIGHTS: /home/ubuntu/pdf-document-layout-analysis/models/doclaynet_VGT_model.pth
  WORDGRID:
    EMBEDDING_DIM: 64
    HIDDEN_SIZE: 768
    MODEL_PATH: ../models/layoutlm-base-uncased/
    USE_PRETRAIN_WEIGHT: true
    USE_UNK_TEXT: false
    VOCAB_SIZE: 30552
OUTPUT_DIR: /home/ubuntu/pdf-document-layout-analysis/model_output_doclaynet
SEED: 42
SOLVER:
  AMP:
    ENABLED: true
  BACKBONE_MULTIPLIER: 1.0
  BASE_LR: 0.0002
  BASE_LR_END: 0.0
  BIAS_LR_FACTOR: 1.0
  CHECKPOINT_PERIOD: 5000
  CLIP_GRADIENTS:
    CLIP_TYPE: full_model
    CLIP_VALUE: 1.0
    ENABLED: true
    NORM_TYPE: 2.0
  GAMMA: 0.1
  IMS_PER_BATCH: 12
  LR_SCHEDULER_NAME: WarmupCosineLR
  MAX_ITER: 10000
  MOMENTUM: 0.9
  NESTEROV: false
  NUM_DECAYS: 3
  OPTIMIZER: ADAMW
  REFERENCE_WORLD_SIZE: 0
  RESCALE_INTERVAL: false
  STEPS:
  - 6000
  - 8000
  WARMUP_FACTOR: 0.01
  WARMUP_ITERS: 100
  WARMUP_METHOD: linear
  WEIGHT_DECAY: 0.05
  WEIGHT_DECAY_BIAS: null
  WEIGHT_DECAY_NORM: 0.0
TEST:
  AUG:
    ENABLED: false
    FLIP: true
    MAX_SIZE: 4000
    MIN_SIZES:
    - 400
    - 500
    - 600
    - 700
    - 800
    - 900
    - 1000
    - 1100
    - 1200
  DETECTIONS_PER_IMAGE: 100
  EVAL_PERIOD: 2000
  EXPECTED_RESULTS: []
  KEYPOINT_OKS_SIGMAS: []
  PRECISE_BN:
    ENABLED: false
    NUM_ITER: 200
VERSION: 2
VIS_PERIOD: 0

[07/08 13:41:30 detectron2]: Full config saved to /home/ubuntu/pdf-document-layout-analysis/model_output_doclaynet/config.yaml
[07/08 13:41:36 detectron2]: Merge using: Sum
/home/ubuntu/pdf-document-layout-analysis/src/ditod/Wordnn_embedding.py:48: FutureWarning: You are using `torch.load` with `weights_only=False` (the current default value), which uses the default pickle module implicitly. It is possible to construct malicious pickle data which will execute arbitrary code during unpickling (See https://github.com/pytorch/pytorch/blob/main/SECURITY.md#untrusted-models for more details). In a future release, the default value for `weights_only` will be flipped to `True`. This limits the functions that could be executed during unpickling. Arbitrary objects will no longer be allowed to be loaded via this mode unless they are explicitly allowlisted by the user via `torch.serialization.add_safe_globals`. We recommend you start setting `weights_only=True` for any use case where you don't have full control of the loaded file. Please open an issue on GitHub for any issues related to this experimental feature.
  state_dict = torch.load(bros_embedding_path + "pytorch_model.bin", map_location="cpu")
use_pretrain_weight: load model from: ../models/layoutlm-base-uncased/
[07/08 13:41:38 detectron2]: Model: Trainable network params num : 243,296,319
[07/08 13:41:38 d2.checkpoint.detection_checkpoint]: [DetectionCheckpointer] Loading from /home/ubuntu/pdf-document-layout-analysis/models/doclaynet_VGT_model.pth ...
[07/08 13:41:38 fvcore.common.checkpoint]: [Checkpointer] Loading from /home/ubuntu/pdf-document-layout-analysis/models/doclaynet_VGT_model.pth ...
/home/ubuntu/envs/d2/lib/python3.10/site-packages/fvcore/common/checkpoint.py:252: FutureWarning: You are using `torch.load` with `weights_only=False` (the current default value), which uses the default pickle module implicitly. It is possible to construct malicious pickle data which will execute arbitrary code during unpickling (See https://github.com/pytorch/pytorch/blob/main/SECURITY.md#untrusted-models for more details). In a future release, the default value for `weights_only` will be flipped to `True`. This limits the functions that could be executed during unpickling. Arbitrary objects will no longer be allowed to be loaded via this mode unless they are explicitly allowlisted by the user via `torch.serialization.add_safe_globals`. We recommend you start setting `weights_only=True` for any use case where you don't have full control of the loaded file. Please open an issue on GitHub for any issues related to this experimental feature.
  return torch.load(f, map_location=torch.device("cpu"))
2025-07-08 13:41:39,584 [INFO] Is PyTorch using GPU: True
🚀 Starting A10G GPU-Optimized PDF Layout Analysis Server
✅ Detectron2 environment active
✅ Full PDF analysis enabled
🌐 Server starting on port 80...
INFO:     Started server process [67672]
INFO:     Waiting for application startup.
INFO:     Application startup complete.
ERROR:    [Errno 98] error while attempting to bind on address ('0.0.0.0', 80): address already in use
INFO:     Waiting for application shutdown.
INFO:     Application shutdown complete.
/home/ubuntu/envs/d2/lib/python3.10/site-packages/timm/models/layers/__init__.py:48: FutureWarning: Importing from timm.models.layers is deprecated, please import via timm.layers
  warnings.warn(f"Importing from {__name__} is deprecated, please import via timm.layers", FutureWarning)
The tokenizer class you load from this checkpoint is not the same type as the class this function is called from. It may result in unexpected tokenization. 
The tokenizer class you load from this checkpoint is 'BertTokenizer'. 
The class this function is called from is 'BrosTokenizer'.
2025-07-08 13:42:20,046 [INFO] GPU 0: NVIDIA A10G
2025-07-08 13:42:20,046 [INFO]   Total Memory: 22515.75 MB
2025-07-08 13:42:20,046 [INFO]   Allocated Memory: 0.0 MB
2025-07-08 13:42:20,047 [INFO]   Cached Memory: 0.0 MB
[93mimport tensorrt_llm failed, if do not use tensorrt, ignore this message[0m
[93mimport lmdeploy failed, if do not use lmdeploy, ignore this message[0m
[07/08 13:42:20 detectron2]: Rank of current process: 0. World size: 1
[07/08 13:42:20 detectron2]: Environment info:
-------------------------------  ---------------------------------------------------------------------------
sys.platform                     linux
Python                           3.10.12 (main, May 27 2025, 17:12:29) [GCC 11.4.0]
numpy                            1.26.4
detectron2                       0.6 @/home/ubuntu/envs/d2/lib/python3.10/site-packages/detectron2
Compiler                         GCC 11.4
CUDA compiler                    CUDA 12.1
detectron2 arch flags            8.6
DETECTRON2_ENV_MODULE            <not set>
PyTorch                          2.4.1+cu121 @/home/ubuntu/envs/d2/lib/python3.10/site-packages/torch
PyTorch debug build              False
torch._C._GLIBCXX_USE_CXX11_ABI  False
GPU available                    Yes
GPU 0                            NVIDIA A10G (arch=8.6)
Driver version                   535.230.02
CUDA_HOME                        /usr
Pillow                           11.0.0
torchvision                      0.19.1+cu121 @/home/ubuntu/envs/d2/lib/python3.10/site-packages/torchvision
torchvision arch flags           5.0, 6.0, 7.0, 7.5, 8.0, 8.6, 9.0
fvcore                           0.1.5.post20221221
iopath                           0.1.9
cv2                              4.11.0
-------------------------------  ---------------------------------------------------------------------------
PyTorch built with:
  - GCC 9.3
  - C++ Version: 201703
  - Intel(R) oneAPI Math Kernel Library Version 2022.2-Product Build 20220804 for Intel(R) 64 architecture applications
  - Intel(R) MKL-DNN v3.4.2 (Git Hash 1137e04ec0b5251ca2b4400a4fd3c667ce843d67)
  - OpenMP 201511 (a.k.a. OpenMP 4.5)
  - LAPACK is enabled (usually provided by MKL)
  - NNPACK is enabled
  - CPU capability usage: AVX2
  - CUDA Runtime 12.1
  - NVCC architecture flags: -gencode;arch=compute_50,code=sm_50;-gencode;arch=compute_60,code=sm_60;-gencode;arch=compute_70,code=sm_70;-gencode;arch=compute_75,code=sm_75;-gencode;arch=compute_80,code=sm_80;-gencode;arch=compute_86,code=sm_86;-gencode;arch=compute_90,code=sm_90
  - CuDNN 90.1  (built against CUDA 12.4)
  - Magma 2.6.1
  - Build settings: BLAS_INFO=mkl, BUILD_TYPE=Release, CUDA_VERSION=12.1, CUDNN_VERSION=9.1.0, CXX_COMPILER=/opt/rh/devtoolset-9/root/usr/bin/c++, CXX_FLAGS= -D_GLIBCXX_USE_CXX11_ABI=0 -fabi-version=11 -fvisibility-inlines-hidden -DUSE_PTHREADPOOL -DNDEBUG -DUSE_KINETO -DLIBKINETO_NOROCTRACER -DUSE_FBGEMM -DUSE_PYTORCH_QNNPACK -DUSE_XNNPACK -DSYMBOLICATE_MOBILE_DEBUG_HANDLE -O2 -fPIC -Wall -Wextra -Werror=return-type -Werror=non-virtual-dtor -Werror=bool-operation -Wnarrowing -Wno-missing-field-initializers -Wno-type-limits -Wno-array-bounds -Wno-unknown-pragmas -Wno-unused-parameter -Wno-unused-function -Wno-unused-result -Wno-strict-overflow -Wno-strict-aliasing -Wno-stringop-overflow -Wsuggest-override -Wno-psabi -Wno-error=pedantic -Wno-error=old-style-cast -Wno-missing-braces -fdiagnostics-color=always -faligned-new -Wno-unused-but-set-variable -Wno-maybe-uninitialized -fno-math-errno -fno-trapping-math -Werror=format -Wno-stringop-overflow, LAPACK_INFO=mkl, PERF_WITH_AVX=1, PERF_WITH_AVX2=1, PERF_WITH_AVX512=1, TORCH_VERSION=2.4.1, USE_CUDA=ON, USE_CUDNN=ON, USE_CUSPARSELT=1, USE_EXCEPTION_PTR=1, USE_GFLAGS=OFF, USE_GLOG=OFF, USE_GLOO=ON, USE_MKL=ON, USE_MKLDNN=ON, USE_MPI=OFF, USE_NCCL=1, USE_NNPACK=ON, USE_OPENMP=ON, USE_ROCM=OFF, USE_ROCM_KERNEL_ASSERT=OFF, 

[07/08 13:42:20 detectron2]: Command line arguments: Namespace(config_file='/home/ubuntu/pdf-document-layout-analysis/src/model_configuration/doclaynet_VGT_cascade_PTM.yaml', resume=False, eval_only=True, num_gpus=1, num_machines=1, machine_rank=0, dist_url='tcp://127.0.0.1:49152', opts=['MODEL.WEIGHTS', '/home/ubuntu/pdf-document-layout-analysis/models/doclaynet_VGT_model.pth', 'OUTPUT_DIR', '/home/ubuntu/pdf-document-layout-analysis/model_output_doclaynet'], debug=False)
[07/08 13:42:20 detectron2]: Contents of args.config_file=/home/ubuntu/pdf-document-layout-analysis/src/model_configuration/doclaynet_VGT_cascade_PTM.yaml:
DATASETS:
  TEST: ("predict_data",)
  TRAIN: ("train_data",)
MODEL:
  BACKBONE:
    NAME: build_VGT_fpn_backbone
  MASK_ON: false
  META_ARCHITECTURE: VGT
  PIXEL_MEAN:
  - 127.5
  - 127.5
  - 127.5
  PIXEL_STD:
  - 127.5
  - 127.5
  - 127.5
  ROI_BOX_HEAD:
    CLS_AGNOSTIC_BBOX_REG: true
  ROI_HEADS:
    NAME: CascadeROIHeads
    NUM_CLASSES: 11
  RPN:
    POST_NMS_TOPK_TRAIN: 2000
  VIT:
    MERGE_TYPE: Sum
    NAME: VGT_dit_base_patch16
  WEIGHTS: https://layoutlm.blob.core.windows.net/dit/dit-pts/dit-base-224-p16-500k-62d53a.pth
  WORDGRID:
    EMBEDDING_DIM: 64
    MODEL_PATH: ../models/layoutlm-base-uncased/
    USE_PRETRAIN_WEIGHT: true
    VOCAB_SIZE: 30552
SOLVER:
  BASE_LR: 0.0002
  IMS_PER_BATCH: 12
  MAX_ITER: 10000
  STEPS: (6000, 8000)
  WARMUP_ITERS: 100
TEST:
  EVAL_PERIOD: 2000
_BASE_: ./Base-RCNN-FPN.yaml

[07/08 13:42:20 detectron2]: Running with full config:
AUG:
  DETR: true
CUDNN_BENCHMARK: false
DATALOADER:
  ASPECT_RATIO_GROUPING: true
  FILTER_EMPTY_ANNOTATIONS: false
  NUM_WORKERS: 6
  REPEAT_SQRT: true
  REPEAT_THRESHOLD: 0.0
  SAMPLER_TRAIN: TrainingSampler
DATASETS:
  PRECOMPUTED_PROPOSAL_TOPK_TEST: 1000
  PRECOMPUTED_PROPOSAL_TOPK_TRAIN: 2000
  PROPOSAL_FILES_TEST: []
  PROPOSAL_FILES_TRAIN: []
  TEST:
  - predict_data
  TRAIN:
  - train_data
FLOAT32_PRECISION: ''
GLOBAL:
  HACK: 1.0
INPUT:
  CROP:
    ENABLED: true
    SIZE:
    - 384
    - 600
    TYPE: absolute_range
  FORMAT: RGB
  MASK_FORMAT: polygon
  MAX_SIZE_TEST: 1333
  MAX_SIZE_TRAIN: 1333
  MIN_SIZE_TEST: 800
  MIN_SIZE_TRAIN:
  - 480
  - 512
  - 544
  - 576
  - 608
  - 640
  - 672
  - 704
  - 736
  - 768
  - 800
  MIN_SIZE_TRAIN_SAMPLING: choice
  RANDOM_FLIP: horizontal
MODEL:
  ANCHOR_GENERATOR:
    ANGLES:
    - - -90
      - 0
      - 90
    ASPECT_RATIOS:
    - - 0.5
      - 1.0
      - 2.0
    NAME: DefaultAnchorGenerator
    OFFSET: 0.0
    SIZES:
    - - 32
    - - 64
    - - 128
    - - 256
    - - 512
  BACKBONE:
    FREEZE_AT: 2
    NAME: build_VGT_fpn_backbone
  DEVICE: cuda
  FPN:
    FUSE_TYPE: sum
    IN_FEATURES:
    - layer3
    - layer5
    - layer7
    - layer11
    NORM: ''
    OUT_CHANNELS: 256
  KEYPOINT_ON: false
  LOAD_PROPOSALS: false
  MASK_ON: false
  META_ARCHITECTURE: VGT
  PANOPTIC_FPN:
    COMBINE:
      ENABLED: true
      INSTANCES_CONFIDENCE_THRESH: 0.5
      OVERLAP_THRESH: 0.5
      STUFF_AREA_LIMIT: 4096
    INSTANCE_LOSS_WEIGHT: 1.0
  PIXEL_MEAN:
  - 127.5
  - 127.5
  - 127.5
  PIXEL_STD:
  - 127.5
  - 127.5
  - 127.5
  PROPOSAL_GENERATOR:
    MIN_SIZE: 0
    NAME: RPN
  RESNETS:
    DEFORM_MODULATED: false
    DEFORM_NUM_GROUPS: 1
    DEFORM_ON_PER_STAGE:
    - false
    - false
    - false
    - false
    DEPTH: 50
    NORM: FrozenBN
    NUM_GROUPS: 1
    OUT_FEATURES:
    - res4
    RES2_OUT_CHANNELS: 256
    RES5_DILATION: 1
    STEM_OUT_CHANNELS: 64
    STRIDE_IN_1X1: true
    WIDTH_PER_GROUP: 64
  RETINANET:
    BBOX_REG_LOSS_TYPE: smooth_l1
    BBOX_REG_WEIGHTS: &id002
    - 1.0
    - 1.0
    - 1.0
    - 1.0
    FOCAL_LOSS_ALPHA: 0.25
    FOCAL_LOSS_GAMMA: 2.0
    IN_FEATURES:
    - p3
    - p4
    - p5
    - p6
    - p7
    IOU_LABELS:
    - 0
    - -1
    - 1
    IOU_THRESHOLDS:
    - 0.4
    - 0.5
    NMS_THRESH_TEST: 0.5
    NORM: ''
    NUM_CLASSES: 80
    NUM_CONVS: 4
    PRIOR_PROB: 0.01
    SCORE_THRESH_TEST: 0.05
    SMOOTH_L1_LOSS_BETA: 0.1
    TOPK_CANDIDATES_TEST: 1000
  ROI_BOX_CASCADE_HEAD:
    BBOX_REG_WEIGHTS:
    - &id001
      - 10.0
      - 10.0
      - 5.0
      - 5.0
    - - 20.0
      - 20.0
      - 10.0
      - 10.0
    - - 30.0
      - 30.0
      - 15.0
      - 15.0
    IOUS:
    - 0.5
    - 0.6
    - 0.7
  ROI_BOX_HEAD:
    BBOX_REG_LOSS_TYPE: smooth_l1
    BBOX_REG_LOSS_WEIGHT: 1.0
    BBOX_REG_WEIGHTS: *id001
    CLS_AGNOSTIC_BBOX_REG: true
    CONV_DIM: 256
    FC_DIM: 1024
    FED_LOSS_FREQ_WEIGHT_POWER: 0.5
    FED_LOSS_NUM_CLASSES: 50
    NAME: FastRCNNConvFCHead
    NORM: ''
    NUM_CONV: 0
    NUM_FC: 2
    POOLER_RESOLUTION: 7
    POOLER_SAMPLING_RATIO: 0
    POOLER_TYPE: ROIAlignV2
    SMOOTH_L1_BETA: 0.0
    TRAIN_ON_PRED_BOXES: false
    USE_FED_LOSS: false
    USE_SIGMOID_CE: false
  ROI_HEADS:
    BATCH_SIZE_PER_IMAGE: 512
    IN_FEATURES:
    - p2
    - p3
    - p4
    - p5
    IOU_LABELS:
    - 0
    - 1
    IOU_THRESHOLDS:
    - 0.5
    NAME: CascadeROIHeads
    NMS_THRESH_TEST: 0.5
    NUM_CLASSES: 11
    POSITIVE_FRACTION: 0.25
    PROPOSAL_APPEND_GT: true
    SCORE_THRESH_TEST: 0.05
  ROI_KEYPOINT_HEAD:
    CONV_DIMS:
    - 512
    - 512
    - 512
    - 512
    - 512
    - 512
    - 512
    - 512
    LOSS_WEIGHT: 1.0
    MIN_KEYPOINTS_PER_IMAGE: 1
    NAME: KRCNNConvDeconvUpsampleHead
    NORMALIZE_LOSS_BY_VISIBLE_KEYPOINTS: true
    NUM_KEYPOINTS: 17
    POOLER_RESOLUTION: 14
    POOLER_SAMPLING_RATIO: 0
    POOLER_TYPE: ROIAlignV2
  ROI_MASK_HEAD:
    CLS_AGNOSTIC_MASK: false
    CONV_DIM: 256
    NAME: MaskRCNNConvUpsampleHead
    NORM: ''
    NUM_CONV: 4
    POOLER_RESOLUTION: 14
    POOLER_SAMPLING_RATIO: 0
    POOLER_TYPE: ROIAlignV2
  RPN:
    BATCH_SIZE_PER_IMAGE: 256
    BBOX_REG_LOSS_TYPE: smooth_l1
    BBOX_REG_LOSS_WEIGHT: 1.0
    BBOX_REG_WEIGHTS: *id002
    BOUNDARY_THRESH: -1
    CONV_DIMS:
    - -1
    HEAD_NAME: StandardRPNHead
    IN_FEATURES:
    - p2
    - p3
    - p4
    - p5
    - p6
    IOU_LABELS:
    - 0
    - -1
    - 1
    IOU_THRESHOLDS:
    - 0.3
    - 0.7
    LOSS_WEIGHT: 1.0
    NMS_THRESH: 0.7
    POSITIVE_FRACTION: 0.5
    POST_NMS_TOPK_TEST: 1000
    POST_NMS_TOPK_TRAIN: 2000
    PRE_NMS_TOPK_TEST: 1000
    PRE_NMS_TOPK_TRAIN: 2000
    SMOOTH_L1_BETA: 0.0
  SEM_SEG_HEAD:
    COMMON_STRIDE: 4
    CONVS_DIM: 128
    IGNORE_VALUE: 255
    IN_FEATURES:
    - p2
    - p3
    - p4
    - p5
    LOSS_WEIGHT: 1.0
    NAME: SemSegFPNHead
    NORM: GN
    NUM_CLASSES: 54
  VIT:
    DROP_PATH: 0.1
    IMG_SIZE:
    - 224
    - 224
    MERGE_TYPE: Sum
    MODEL_KWARGS: '{}'
    NAME: VGT_dit_base_patch16
    OUT_FEATURES:
    - layer3
    - layer5
    - layer7
    - layer11
    POS_TYPE: abs
  WEIGHTS: /home/ubuntu/pdf-document-layout-analysis/models/doclaynet_VGT_model.pth
  WORDGRID:
    EMBEDDING_DIM: 64
    HIDDEN_SIZE: 768
    MODEL_PATH: ../models/layoutlm-base-uncased/
    USE_PRETRAIN_WEIGHT: true
    USE_UNK_TEXT: false
    VOCAB_SIZE: 30552
OUTPUT_DIR: /home/ubuntu/pdf-document-layout-analysis/model_output_doclaynet
SEED: 42
SOLVER:
  AMP:
    ENABLED: true
  BACKBONE_MULTIPLIER: 1.0
  BASE_LR: 0.0002
  BASE_LR_END: 0.0
  BIAS_LR_FACTOR: 1.0
  CHECKPOINT_PERIOD: 5000
  CLIP_GRADIENTS:
    CLIP_TYPE: full_model
    CLIP_VALUE: 1.0
    ENABLED: true
    NORM_TYPE: 2.0
  GAMMA: 0.1
  IMS_PER_BATCH: 12
  LR_SCHEDULER_NAME: WarmupCosineLR
  MAX_ITER: 10000
  MOMENTUM: 0.9
  NESTEROV: false
  NUM_DECAYS: 3
  OPTIMIZER: ADAMW
  REFERENCE_WORLD_SIZE: 0
  RESCALE_INTERVAL: false
  STEPS:
  - 6000
  - 8000
  WARMUP_FACTOR: 0.01
  WARMUP_ITERS: 100
  WARMUP_METHOD: linear
  WEIGHT_DECAY: 0.05
  WEIGHT_DECAY_BIAS: null
  WEIGHT_DECAY_NORM: 0.0
TEST:
  AUG:
    ENABLED: false
    FLIP: true
    MAX_SIZE: 4000
    MIN_SIZES:
    - 400
    - 500
    - 600
    - 700
    - 800
    - 900
    - 1000
    - 1100
    - 1200
  DETECTIONS_PER_IMAGE: 100
  EVAL_PERIOD: 2000
  EXPECTED_RESULTS: []
  KEYPOINT_OKS_SIGMAS: []
  PRECISE_BN:
    ENABLED: false
    NUM_ITER: 200
VERSION: 2
VIS_PERIOD: 0

[07/08 13:42:20 detectron2]: Full config saved to /home/ubuntu/pdf-document-layout-analysis/model_output_doclaynet/config.yaml
[07/08 13:42:23 detectron2]: Merge using: Sum
/home/ubuntu/pdf-document-layout-analysis/src/ditod/Wordnn_embedding.py:48: FutureWarning: You are using `torch.load` with `weights_only=False` (the current default value), which uses the default pickle module implicitly. It is possible to construct malicious pickle data which will execute arbitrary code during unpickling (See https://github.com/pytorch/pytorch/blob/main/SECURITY.md#untrusted-models for more details). In a future release, the default value for `weights_only` will be flipped to `True`. This limits the functions that could be executed during unpickling. Arbitrary objects will no longer be allowed to be loaded via this mode unless they are explicitly allowlisted by the user via `torch.serialization.add_safe_globals`. We recommend you start setting `weights_only=True` for any use case where you don't have full control of the loaded file. Please open an issue on GitHub for any issues related to this experimental feature.
  state_dict = torch.load(bros_embedding_path + "pytorch_model.bin", map_location="cpu")
use_pretrain_weight: load model from: ../models/layoutlm-base-uncased/
[07/08 13:42:24 detectron2]: Model: Trainable network params num : 243,296,319
[07/08 13:42:24 d2.checkpoint.detection_checkpoint]: [DetectionCheckpointer] Loading from /home/ubuntu/pdf-document-layout-analysis/models/doclaynet_VGT_model.pth ...
[07/08 13:42:24 fvcore.common.checkpoint]: [Checkpointer] Loading from /home/ubuntu/pdf-document-layout-analysis/models/doclaynet_VGT_model.pth ...
/home/ubuntu/envs/d2/lib/python3.10/site-packages/fvcore/common/checkpoint.py:252: FutureWarning: You are using `torch.load` with `weights_only=False` (the current default value), which uses the default pickle module implicitly. It is possible to construct malicious pickle data which will execute arbitrary code during unpickling (See https://github.com/pytorch/pytorch/blob/main/SECURITY.md#untrusted-models for more details). In a future release, the default value for `weights_only` will be flipped to `True`. This limits the functions that could be executed during unpickling. Arbitrary objects will no longer be allowed to be loaded via this mode unless they are explicitly allowlisted by the user via `torch.serialization.add_safe_globals`. We recommend you start setting `weights_only=True` for any use case where you don't have full control of the loaded file. Please open an issue on GitHub for any issues related to this experimental feature.
  return torch.load(f, map_location=torch.device("cpu"))
2025-07-08 13:42:25,381 [INFO] Is PyTorch using GPU: True
🚀 Starting A10G GPU-Optimized PDF Layout Analysis Server
✅ Detectron2 environment active
✅ Full PDF analysis enabled
🌐 Server starting on port 80...
INFO:     Started server process [67719]
INFO:     Waiting for application startup.
INFO:     Application startup complete.
ERROR:    [Errno 98] error while attempting to bind on address ('0.0.0.0', 80): address already in use
INFO:     Waiting for application shutdown.
INFO:     Application shutdown complete.
